// Jest Snapshot v1, https://goo.gl/fbAQLP

exports[`<StartWithDestinationCard /> should renders without crash with provided props 1`] = `
<body>
  <div>
    <button
      class="<removed-for-snapshot-test>"
    >
      <div
        class="<removed-for-snapshot-test>"
      >
        <div
          class="<removed-for-snapshot-test>"
        >
          <div
            class="<removed-for-snapshot-test>"
          >
            <div
              class="<removed-for-snapshot-test>"
            >
              <img
                alt=""
                class="<removed-for-snapshot-test>"
                src="data:image/svg+xml;utf8,%3C%3Fxml%20version%3D%221.0%22%20encoding%3D%22UTF-8%22%20standalone%3D%22no%22%3F%3E%0A%3C!DOCTYPE%20svg%20PUBLIC%20%22-%2F%2FW3C%2F%2FDTD%20SVG%201.1%2F%2FEN%22%20%22http%3A%2F%2Fwww.w3.org%2FGraphics%2FSVG%2F1.1%2FDTD%2Fsvg11.dtd%22%3E%0A%3Csvg%20version%3D%221.1%22%20xmlns%3D%22http%3A%2F%2Fwww.w3.org%2F2000%2Fsvg%22%20xmlns%3Axlink%3D%22http%3A%2F%2Fwww.w3.org%2F1999%2Fxlink%22%20preserveAspectRatio%3D%22xMidYMid%20meet%22%20viewBox%3D%220%200%20640%20640%22%20width%3D%22640%22%20height%3D%22640%22%3E%3Cdefs%3E%3Cpath%20d%3D%22M454.48%20258.27C421.69%20113.73%20344.25%2066.21%20335.9%2048.07C328.85%2036.65%20322.83%2024.62%20317.93%2012.13C317.72%2011.55%20317.48%2010.98%20317.21%2010.43C317.65%2022.19%20312.69%2033.5%20303.74%2041.15C284.96%2055.79%20188.75%20136.46%20180.85%20300.76C173.57%20453.48%20291.52%20545.1%20307.51%20556.78C307.69%20556.91%20309.13%20557.91%20309.31%20558.04C313.89%20547.62%20318.29%20517.71%20321.7%20476.65C322.42%20509.71%20327.18%20545.19%20343.62%20552.65C343.71%20552.59%20344.43%20552.08%20344.52%20552.02C351.58%20547.01%20358.3%20541.55%20364.64%20535.67C404.62%20498.84%20480.08%20407.66%20454.48%20258.27%22%20id%3D%22b3m9u0RT9j%22%3E%3C%2Fpath%3E%3Cpath%20d%3D%22M321.43%20477.01C318.2%20517.98%20313.53%20547.8%20309.04%20557.86C309.04%20557.86%20314.07%20593.79%20318.02%20632.24C319.27%20632.24%20329.26%20632.24%20330.51%20632.24C333.44%20605.49%20337.82%20578.92%20343.62%20552.65C327.36%20545.1%20322.6%20509.71%20321.88%20476.65%22%20id%3D%22aevBvhJN5%22%3E%3C%2Fpath%3E%3Cpath%20d%3D%22M454.48%20258.27C421.69%20113.73%20344.25%2066.21%20335.9%2048.07C328.81%2036.67%20322.79%2024.64%20317.93%2012.13C325.66%2042.41%20324.4%20284.14%20325.21%20313.07C326.92%20367.62%20325.75%20422.22%20321.7%20476.65C322.42%20509.71%20327.18%20545.19%20343.53%20552.74C343.63%20552.67%20344.42%20552.09%20344.52%20552.02C351.58%20547.06%20358.31%20541.62%20364.64%20535.76C364.72%20535.7%20365.29%20535.2%20365.36%20535.13C404.53%20499.2%20480.08%20407.66%20454.48%20258.27%22%20id%3D%22akHagKvoh%22%3E%3C%2Fpath%3E%3C%2Fdefs%3E%3Cg%3E%3Cg%3E%3Cg%3E%3Cuse%20xlink%3Ahref%3D%22%23b3m9u0RT9j%22%20opacity%3D%221%22%20fill%3D%22%2312a950%22%20fill-opacity%3D%221%22%3E%3C%2Fuse%3E%3Cg%3E%3Cuse%20xlink%3Ahref%3D%22%23b3m9u0RT9j%22%20opacity%3D%221%22%20fill-opacity%3D%220%22%20stroke%3D%22%23000000%22%20stroke-width%3D%221%22%20stroke-opacity%3D%220%22%3E%3C%2Fuse%3E%3C%2Fg%3E%3C%2Fg%3E%3Cg%3E%3Cuse%20xlink%3Ahref%3D%22%23aevBvhJN5%22%20opacity%3D%221%22%20fill%3D%22%23b8c5c2%22%20fill-opacity%3D%221%22%3E%3C%2Fuse%3E%3Cg%3E%3Cuse%20xlink%3Ahref%3D%22%23aevBvhJN5%22%20opacity%3D%221%22%20fill-opacity%3D%220%22%20stroke%3D%22%23000000%22%20stroke-width%3D%221%22%20stroke-opacity%3D%220%22%3E%3C%2Fuse%3E%3C%2Fg%3E%3C%2Fg%3E%3Cg%3E%3Cuse%20xlink%3Ahref%3D%22%23akHagKvoh%22%20opacity%3D%221%22%20fill%3D%22%2313994f%22%20fill-opacity%3D%221%22%3E%3C%2Fuse%3E%3Cg%3E%3Cuse%20xlink%3Ahref%3D%22%23akHagKvoh%22%20opacity%3D%221%22%20fill-opacity%3D%220%22%20stroke%3D%22%23000000%22%20stroke-width%3D%221%22%20stroke-opacity%3D%220%22%3E%3C%2Fuse%3E%3C%2Fg%3E%3C%2Fg%3E%3C%2Fg%3E%3C%2Fg%3E%3C%2Fsvg%3E"
              />
            </div>
            <div
              class="<removed-for-snapshot-test>"
            >
              <div
                class="<removed-for-snapshot-test>"
              >
                <div
                  class="<removed-for-snapshot-test>"
                >
                  Donâ€™t have your own destination yet?
                </div>
                <div
                  class="<removed-for-snapshot-test>"
                >
                  <div
                    class="<removed-for-snapshot-test>"
                  >
                    Alpha
                  </div>
                </div>
              </div>
              <div
                class="<removed-for-snapshot-test>"
              >
                Start with MongoDB
                 
              </div>
            </div>
          </div>
        </div>
      </div>
    </button>
  </div>
</body>
`;
