// Jest Snapshot v1, https://goo.gl/fbAQLP

exports[`<Spinner /> should render without crash 1`] = `
<body>
  <div>
    <div
      class="<removed-for-snapshot-test>"
    />
  </div>
</body>
`;
